// Jest Snapshot v1, https://goo.gl/fbAQLP

exports[`ImportDIDScreen should render correctly 1`] = `
<RNCSafeAreaView
  accessibilityLabel="ImportDIDScreen"
  style={
    Object {
      "backgroundColor": "#141417",
      "flex": 1,
    }
  }
  testID="ImportDIDScreen"
>
  <AppGlobalHeader />
  <Memo(ForwardRef(Box))
    flex={1}
  >
    <Memo(ForwardRef(Box))
      flex={1}
    >
      <Styled(View)>
        <Box
          alignItems="center"
          flexDirection="row"
          marginLeft={1}
          marginRight={22}
        >
          <Memo(ForwardRef(Box))
            width="80px"
          >
            <BackButton
              accessibilityLabel="GoBack"
              onPress={[MockFunction]}
              testID="GoBack"
            />
          </Memo(ForwardRef(Box))>
          <Memo(ForwardRef(Box))
            alignContent="center"
            alignItems="center"
            flex={1}
            pl={15}
            width="100%"
          />
          <Memo(ForwardRef(Box))
            alignItems="flex-end"
            width="80px"
          />
        </Box>
      </Styled(View)>
      <ForwardRef
        marginLeft={5}
        marginRight={5}
      >
        <Memo(ForwardRef(FormControl))>
          <Memo(ForwardRef(Stack))
            mt={7}
          >
            <Memo(ForwardRef(FormControlLabel))>
              Enter password
            </Memo(ForwardRef(FormControlLabel))>
            <Input
              accessibilityLabel="Password"
              autoCapitalize="none"
              secureTextEntry={true}
              testID="Password"
              value=""
            />
          </Memo(ForwardRef(Stack))>
        </Memo(ForwardRef(FormControl))>
      </ForwardRef>
      <Memo(ForwardRef(Box))
        mx={7}
      >
        <LoadingButton
          accessibilityLabel="Next"
          full={true}
          isDisabled={Object {}}
          mb={70}
          onPress={[MockFunction]}
          testID="next-btn"
        >
          Next
        </LoadingButton>
      </Memo(ForwardRef(Box))>
    </Memo(ForwardRef(Box))>
  </Memo(ForwardRef(Box))>
</RNCSafeAreaView>
`;
