// Jest Snapshot v1, https://goo.gl/fbAQLP

exports[`AccountAdvancedOptions should render correctly 1`] = `
<Memo(ForwardRef(Box))>
  <TouchableWithoutFeedback
    onPress={[Function]}
  >
    <Memo(ForwardRef(Stack))
      alignItems="center"
      backgroundColor="#27272A"
      borderRadius={6}
      direction="row"
      mt={8}
      pl={5}
      pr={2}
      py="1px"
      width={0.67}
    >
      <Memo(ForwardRef(Box))
        flex={1}
      >
        <Styled(Component)
          variant="label"
        >
          Advanced options
        </Styled(Component)>
      </Memo(ForwardRef(Box))>
      <Memo(ForwardRef(Box))
        mt={2}
        p={3}
      >
        <SvgFile
          style={
            Object {
              "color": "#A1A1AA",
            }
          }
        />
      </Memo(ForwardRef(Box))>
    </Memo(ForwardRef(Stack))>
  </TouchableWithoutFeedback>
</Memo(ForwardRef(Box))>
`;
