// Jest Snapshot v1, https://goo.gl/fbAQLP

exports[`AppSettingsScreen should render correctly 1`] = `
<RNCSafeAreaView
  style={
    Object {
      "backgroundColor": "#141417",
      "flex": 1,
    }
  }
  testID="AccountDetailsScreen"
>
  <AppGlobalHeader />
  <Memo(ForwardRef(Box))
    flex={1}
  >
    <Memo(ForwardRef(Box))
      flex={1}
    >
      <Styled(View)>
        <Box
          alignItems="center"
          flexDirection="row"
          marginLeft={22}
          marginRight={22}
        >
          <Box
            flex={1}
          >
            <Styled(Component)
              fontFamily="Montserrat"
              fontSize={24}
              fontWeight="600"
            >
              Settings
            </Styled(Component)>
          </Box>
          <Box
            row={true}
          />
        </Box>
      </Styled(View)>
      <Styled(ScrollView)>
        <Memo(ForwardRef(Stack))
          flex={1}
        >
          <OptionList
            items={
              Array [
                Object {
                  "icon": <SvgFile
                    style={
                      Object {
                        "color": "#ffffff",
                      }
                    }
                  />,
                  "onPress": undefined,
                  "testID": "backupWallet",
                  "title": "Backup wallet",
                },
                Object {
                  "icon": <SvgFile
                    style={
                      Object {
                        "color": "#ffffff",
                      }
                    }
                  />,
                  "onPress": undefined,
                  "testID": "deleteWallet",
                  "title": "Remove wallet",
                },
              ]
            }
            mx={5}
          />
        </Memo(ForwardRef(Stack))>
        <Memo(ForwardRef(Stack))
          p={5}
        >
          <BuildIdentifier
            onUnlock={[Function]}
          />
        </Memo(ForwardRef(Stack))>
      </Styled(ScrollView)>
    </Memo(ForwardRef(Box))>
  </Memo(ForwardRef(Box))>
</RNCSafeAreaView>
`;
