// Jest Snapshot v1, https://goo.gl/fbAQLP

exports[`CreateWalletScreen should render correctly 1`] = `
<RNCSafeAreaView
  style={
    Object {
      "backgroundColor": "#141417",
      "flex": 1,
    }
  }
  testID="createWalletScreen"
>
  <Memo(ForwardRef(Box))
    flex={1}
  >
    <Memo(ForwardRef(Box))
      flex={1}
    >
      <Styled(View) />
      <Styled(ScrollView)>
        <Box
          flex={1}
          justifyContent="center"
          marginTop="50%"
          row={true}
        >
          <Styled(Image)
            resizeMode="contain"
            source={
              Object {
                "testUri": "../../../src/assets/splash-logo.png",
              }
            }
            style={
              Object {
                "width": "57%",
              }
            }
          />
        </Box>
      </Styled(ScrollView)>
      <Styled(Component)
        marginBottom={10}
        marginLeft={26}
        marginRight={26}
      >
        <LoadingButton
          accessibilityLabel="CreateWalletBtn"
          full={true}
          onPress={[Function]}
          testID="CreateWalletBtn"
        >
          Create a new wallet
        </LoadingButton>
        <LoadingButton
          accessibilityLabel="ImportExistingBtn"
          full={true}
          mt={4}
          onPress={[Function]}
          testID="ImportExistingBtn"
          variant="ghost"
        >
          I already have a wallet
        </LoadingButton>
        <BuildIdentifier />
      </Styled(Component)>
    </Memo(ForwardRef(Box))>
  </Memo(ForwardRef(Box))>
</RNCSafeAreaView>
`;
