// Jest Snapshot v1, https://goo.gl/fbAQLP

exports[`CreatePasscodeScreen should render correctly 1`] = `
<RNCSafeAreaView
  style={
    Object {
      "backgroundColor": "#141417",
      "flex": 1,
    }
  }
  testID="createPasscodeScreen"
>
  <AppGlobalHeader />
  <Memo(ForwardRef(Box))
    flex={1}
  >
    <Memo(ForwardRef(Box))
      flex={1}
    >
      <Styled(View)>
        <BackButton />
      </Styled(View)>
      <Styled(ScrollView)
        marginLeft={26}
        marginRight={26}
      >
        <PasscodeMask
          digits={6}
          filled={2}
          marginTop={59}
        />
        <Box
          alignItems="center"
        >
          <Styled(Component)
            marginTop={52}
            variant="h2"
          >
            Create your passcode
          </Styled(Component)>
        </Box>
        <NumericKeyboard
          marginTop={85}
        />
      </Styled(ScrollView)>
    </Memo(ForwardRef(Box))>
  </Memo(ForwardRef(Box))>
</RNCSafeAreaView>
`;
