// Jest Snapshot v1, https://goo.gl/fbAQLP

exports[`CreateAccountBackupScreen should render correctly 1`] = `
<RNCSafeAreaView
  style={
    Object {
      "backgroundColor": "#141417",
      "flex": 1,
    }
  }
  testID="createAccountScreen.container"
>
  <AppGlobalHeader />
  <Memo(ForwardRef(Box))
    flex={1}
  >
    <Memo(ForwardRef(Box))
      flex={1}
    >
      <Styled(View)>
        <BackButton />
      </Styled(View)>
      <Styled(ScrollView)
        marginLeft={26}
        marginRight={26}
      >
        <Styled(Component)
          marginTop={52}
          variant="h1"
        >
          Back up your account
        </Styled(Component)>
        <Styled(Component)
          marginTop={12}
        >
          In the next step you will see an account recovery phrase. This phrase is the only way you can recover access to your account if your phone is lost or stolen.
        </Styled(Component)>
      </Styled(ScrollView)>
      <Styled(Component)
        marginBottom={0}
        marginLeft={26}
        marginRight={26}
      >
        <Memo(ForwardRef(Box))
          alignItems="flex-start"
          mb={5}
        >
          <Memo(ForwardRef(Checkbox))
            accessibilityLabel="Backup agreement"
          >
            I understand that if I lose my recovery phrase, I will not be able to access my account
          </Memo(ForwardRef(Checkbox))>
        </Memo(ForwardRef(Box))>
        <LoadingButton
          full={true}
          mb={5}
          testID="navigation.next"
        >
          Next
        </LoadingButton>
        <LoadingButton
          full={true}
          testID="navigation.skip"
          variant="unstyled"
        >
          Skip
        </LoadingButton>
      </Styled(Component)>
    </Memo(ForwardRef(Box))>
  </Memo(ForwardRef(Box))>
</RNCSafeAreaView>
`;
