// Jest Snapshot v1, https://goo.gl/fbAQLP

exports[`CreateAccountVerifyPhraseScreen should render correctly 1`] = `
<RNCSafeAreaView
  style={
    Object {
      "backgroundColor": "#141417",
      "flex": 1,
    }
  }
  testID="createAccountVerifyPhraseScreen"
>
  <AppGlobalHeader />
  <Memo(ForwardRef(Box))
    flex={1}
  >
    <Memo(ForwardRef(Box))
      flex={1}
    >
      <Styled(View)>
        <BackButton />
      </Styled(View)>
      <Styled(ScrollView)
        marginLeft={26}
        marginRight={26}
      >
        <Styled(Component)
          marginTop={52}
          variant="h1"
        >
          Verify recovery phrase
        </Styled(Component)>
        <Styled(Component)
          fontWeight="400"
          marginTop={12}
        >
          Verify that you wrote down the 12 words correctly
        </Styled(Component)>
        <Memo(ForwardRef(FormControl))>
          <Memo(ForwardRef(Stack))
            mt={7}
          >
            <Memo(ForwardRef(FormControlLabel))>
              Verify word #
              4
            </Memo(ForwardRef(FormControlLabel))>
            <Input
              autoCapitalize="none"
              value="test"
            />
          </Memo(ForwardRef(Stack))>
        </Memo(ForwardRef(FormControl))>
        <Memo(ForwardRef(FormControl))>
          <Memo(ForwardRef(Stack))
            mt={7}
          >
            <Memo(ForwardRef(FormControlLabel))>
              Verify word #
              6
            </Memo(ForwardRef(FormControlLabel))>
            <Input
              autoCapitalize="none"
              value="test2"
            />
          </Memo(ForwardRef(Stack))>
        </Memo(ForwardRef(FormControl))>
      </Styled(ScrollView)>
      <Styled(Component)
        marginBottom={0}
        marginLeft={26}
        marginRight={26}
      >
        <LoadingButton
          full={true}
          mb={5}
          testID="next-btn"
        >
          Next
        </LoadingButton>
      </Styled(Component)>
    </Memo(ForwardRef(Box))>
  </Memo(ForwardRef(Box))>
</RNCSafeAreaView>
`;
