// Jest Snapshot v1, https://goo.gl/fbAQLP

exports[`AccountDetailsScreen should render correctly 1`] = `
<RNCSafeAreaView
  style={
    Object {
      "backgroundColor": "#141417",
      "flex": 1,
    }
  }
  testID="AccountDetailsScreen"
>
  <AppGlobalHeader />
  <Memo(ForwardRef(Box))
    flex={1}
  >
    <Memo(ForwardRef(Box))
      flex={1}
    >
      <Styled(View)>
        <Box
          alignItems="center"
          flexDirection="row"
          marginLeft={1}
          marginRight={22}
        >
          <Memo(ForwardRef(Box))
            width="80px"
          >
            <BackButton
              onPress={[Function]}
            />
          </Memo(ForwardRef(Box))>
          <Memo(ForwardRef(Box))
            alignContent="center"
            alignItems="center"
            flex={1}
            pl={15}
            width="100%"
          >
            <Styled(Component)
              variant="h3"
            />
          </Memo(ForwardRef(Box))>
          <Memo(ForwardRef(Box))
            alignItems="flex-end"
            width="80px"
          >
            <Memo(ForwardRef(Pressable))
              _pressed={
                Object {
                  "opacity": 0.2,
                }
              }
              onPress={[Function]}
            >
              <SvgFile
                height="22px"
                width="22px"
              />
            </Memo(ForwardRef(Pressable))>
          </Memo(ForwardRef(Box))>
        </Box>
      </Styled(View)>
      <ForwardRef
        refreshControl={<RefreshControlMock />}
      >
        <Memo(ForwardRef(Stack))
          flex={1}
          mx={5}
        >
          <Memo(ForwardRef(Stack))
            alignItems="center"
            direction="column"
            mx={3}
          >
            <Memo(ForwardRef(Stack))
              alignItems="center"
              direction="column"
              mt={8}
            >
              <Memo()
                size={48}
              />
              <Component>
                <Component />
              </Component>
            </Memo(ForwardRef(Stack))>
            <Memo(ForwardRef(Stack))
              direction="row"
              mb={7}
              mt={9}
              width="100%"
            >
              <Memo(ForwardRef(Button))
                accessibilityLabel="SendTokensBtn"
                flex={1}
                mr={1}
                onPress={[Function]}
                size="xs"
                testID="SendTokensBtn"
              >
                <Styled(Component)
                  color="#fff"
                >
                  Send
                </Styled(Component)>
              </Memo(ForwardRef(Button))>
              <Memo(ForwardRef(Button))
                accessibilityLabel="ReceiveTokensBtn"
                flex={1}
                ml={1}
                mr={1}
                onPress={[Function]}
                size="xs"
                testID="ReceiveTokensBtn"
              >
                <Styled(Component)
                  color="#fff"
                >
                  Receive
                </Styled(Component)>
              </Memo(ForwardRef(Button))>
            </Memo(ForwardRef(Stack))>
          </Memo(ForwardRef(Stack))>
          <Memo(ForwardRef(Stack))
            mt={3}
          >
            <Memo(ForwardRef(Box))
              borderBottomColor="#3F3F46"
              borderBottomWidth={0.5}
              pb={2}
              pl={0}
              pr={0}
            >
              <Styled(Component)
                variant="h2"
              >
                Transactions
              </Styled(Component)>
            </Memo(ForwardRef(Box))>
            <Memo(ForwardRef(Box))>
              <TransactionHistory />
            </Memo(ForwardRef(Box))>
          </Memo(ForwardRef(Stack))>
        </Memo(ForwardRef(Stack))>
      </ForwardRef>
      <AccountSettingsModal
        account={
          Object {
            "meta": Object {
              "balance": 0,
              "name": "Test account",
            },
          }
        }
        onClose={[Function]}
      />
      <QRCodeModal
        accessibilityLabel="ExportAccountDescription"
        description="Scan this QR code in your new device"
        onClose={[Function]}
        testID="ExportAccountDescription"
        title="Export account"
      />
    </Memo(ForwardRef(Box))>
  </Memo(ForwardRef(Box))>
</RNCSafeAreaView>
`;
