// Jest Snapshot v1, https://goo.gl/fbAQLP

exports[`GenericPasswordScreen should render correctly 1`] = `
<RNCSafeAreaView
  accessibilityLabel="CreateWalletScreen"
  style={
    Object {
      "backgroundColor": "#141417",
      "flex": 1,
    }
  }
  testID="CreateWalletScreen"
>
  <AppGlobalHeader />
  <Memo(ForwardRef(Box))
    flex={1}
  >
    <Memo(ForwardRef(Box))
      flex={1}
    >
      <Styled(View)>
        <BackButton
          accessibilityLabel="BackButton"
          testID="BackButton"
        />
      </Styled(View)>
      <Styled(ScrollView)
        marginLeft={26}
        marginRight={26}
      >
        <Styled(Component)
          marginTop={52}
          variant="h1"
        />
        <Styled(Component)
          marginTop={12}
        />
        <Memo(ForwardRef(Box))
          mt={7}
        >
          <Input
            accessibilityLabel="Password"
            autoCapitalize="none"
            placeholder="Password"
            secureTextEntry={true}
            testID="Password"
            value="test"
          />
        </Memo(ForwardRef(Box))>
        <Memo(ForwardRef(Box))
          mt={7}
        >
          <Input
            accessibilityLabel="ConfirmPassword"
            autoCapitalize="none"
            placeholder="Confirm password"
            secureTextEntry={true}
            testID="ConfirmPassword"
          />
        </Memo(ForwardRef(Box))>
        <Memo(ForwardRef(Stack))
          marginTop={4}
        >
          <Memo(ForwardRef(Stack))
            direction="row"
          >
            <CheckCircle />
            <Styled(Component)>
              Must include at least 8 characters
            </Styled(Component)>
          </Memo(ForwardRef(Stack))>
          <Memo(ForwardRef(Stack))
            direction="row"
            marginTop={3}
          >
            <CheckCircle />
            <Styled(Component)>
              Must include digits
            </Styled(Component)>
          </Memo(ForwardRef(Stack))>
          <Memo(ForwardRef(Stack))
            direction="row"
            marginTop={3}
          >
            <CheckCircle />
            <Styled(Component)>
              Must include uppercase and lowercase letters
            </Styled(Component)>
          </Memo(ForwardRef(Stack))>
          <Memo(ForwardRef(Stack))
            direction="row"
            marginTop={3}
          >
            <CheckCircle />
            <Styled(Component)>
              Must include special characters
            </Styled(Component)>
          </Memo(ForwardRef(Stack))>
          <Memo(ForwardRef(Stack))
            direction="row"
            marginTop={3}
          >
            <CheckCircle />
            <Styled(Component)>
              Password confirmation match
            </Styled(Component)>
          </Memo(ForwardRef(Stack))>
        </Memo(ForwardRef(Stack))>
      </Styled(ScrollView)>
      <Styled(Component)
        marginBottom={10}
        marginLeft={26}
        marginRight={26}
      >
        <LoadingButton
          accessibilityLabel="NextBtn"
          full={true}
          testID="NextBtn"
        >
          Next
        </LoadingButton>
      </Styled(Component)>
    </Memo(ForwardRef(Box))>
  </Memo(ForwardRef(Box))>
</RNCSafeAreaView>
`;
