// Jest Snapshot v1, https://goo.gl/fbAQLP

exports[`ImportAccountSetupScreen should render correctly 1`] = `
<RNCSafeAreaView
  accessibilityLabel="ImportAccountSetupScreen"
  style={
    Object {
      "backgroundColor": "#141417",
      "flex": 1,
    }
  }
  testID="ImportAccountSetupScreen"
>
  <AppGlobalHeader />
  <Memo(ForwardRef(Box))
    flex={1}
  >
    <Memo(ForwardRef(Box))
      flex={1}
    >
      <Styled(View)>
        <BackButton
          accessibilityLabel="BackButton"
          testID="BackButton"
        />
      </Styled(View)>
      <Styled(ScrollView)
        marginLeft={26}
        marginRight={26}
      >
        <Styled(Component)
          marginTop={52}
          variant="h1"
        >
          Account name
        </Styled(Component)>
        <Memo(ForwardRef(Box))
          mt={7}
        >
          <Memo(ForwardRef(Input))
            accessibilityLabel="ImportAccountNameInput"
            autoCapitalize="none"
            placeholder="Account name"
            testID="ImportAccountNameInput"
            value="test"
          />
        </Memo(ForwardRef(Box))>
      </Styled(ScrollView)>
      <Styled(Component)
        marginBottom={10}
        marginLeft={26}
        marginRight={26}
      >
        <LoadingButton
          accessibilityLabel="NextBtn"
          full={true}
          testID="NextBtn"
        >
          Next
        </LoadingButton>
      </Styled(Component)>
    </Memo(ForwardRef(Box))>
  </Memo(ForwardRef(Box))>
</RNCSafeAreaView>
`;
