// Jest Snapshot v1, https://goo.gl/fbAQLP

exports[`ReceiveTokensScreen should render correctly 1`] = `
<RNCSafeAreaView
  accessibilityLabel="ReceiveTokenScreen"
  style={
    Object {
      "backgroundColor": "#141417",
      "flex": 1,
    }
  }
  testID="ReceiveTokenScreen"
>
  <AppGlobalHeader />
  <Memo(ForwardRef(Box))
    flex={1}
  >
    <Memo(ForwardRef(Box))
      flex={1}
    >
      <Styled(View)>
        <BackButton
          accessibilityLabel="BackButton"
          testID="BackButton"
        />
      </Styled(View)>
      <Memo(ForwardRef(Stack))
        alignItems="center"
      >
        <Styled(Component)
          mb={2}
          variant="h1"
        >
          Receive DOCK
        </Styled(Component)>
        <Styled(Component)
          variant="screen-description"
        >
          Share your address
        </Styled(Component)>
      </Memo(ForwardRef(Stack))>
      <Styled(ScrollView)
        marginLeft={26}
        marginRight={26}
      >
        <Memo(ForwardRef(Stack))
          alignItems="center"
          backgroundColor="#1F1F21"
          borderRadius={12}
          my={7}
          p={5}
        >
          <Memo(ForwardRef(Stack))
            bg="#fff"
            p={2}
          >
            <QRCode
              size={375}
              value="3B9W5fS4ygoUVnGhzTk7sihSdhCyJQRNMQ7aJfDdsfWb16f1"
            />
          </Memo(ForwardRef(Stack))>
          <Memo(ForwardRef(Stack))
            alignItems="center"
            direction="row"
            flex={1}
            pt={5}
          >
            <Memo(ForwardRef(Box))
              pr={2}
            />
            <Memo(ForwardRef(Stack))
              alignItems="flex-start"
              direction="column"
              flex={1}
            >
              <Styled(Component)
                variant="h3"
              />
              <Styled(Component)>
                3B9W5fS4y...DdsfWb16f1
              </Styled(Component)>
            </Memo(ForwardRef(Stack))>
          </Memo(ForwardRef(Stack))>
        </Memo(ForwardRef(Stack))>
      </Styled(ScrollView)>
      <Memo(ForwardRef(Stack))
        direction="row"
        mb={7}
        width="100%"
      >
        <Button
          flex={1}
          ml={5}
          mr={1}
          size="sm"
        >
          Copy address
        </Button>
        <Button
          accessibilityLabel="ReceiveTokenShareAddress"
          flex={1}
          ml={1}
          mr={5}
          size="sm"
          testID="ReceiveTokenShareAddress"
        >
          Share address
        </Button>
      </Memo(ForwardRef(Stack))>
    </Memo(ForwardRef(Box))>
  </Memo(ForwardRef(Box))>
</RNCSafeAreaView>
`;
