// Jest Snapshot v1, https://goo.gl/fbAQLP

exports[`CredentialsScreen should render correctly 1`] = `
<RNCSafeAreaView
  accessibilityLabel="CredentialsScreen"
  style={
    Object {
      "backgroundColor": "#141417",
      "flex": 1,
    }
  }
  testID="CredentialsScreen"
>
  <AppGlobalHeader />
  <Memo(ForwardRef(Box))
    flex={1}
  >
    <Memo(ForwardRef(Box))
      flex={1}
    >
      <Styled(View)>
        <Box
          alignItems="center"
          flexDirection="row"
          marginLeft={22}
          marginRight={22}
        >
          <Box
            flex={1}
          >
            <Styled(Component)
              fontFamily="Montserrat"
              fontSize={24}
              fontWeight="600"
            >
              Credentials
            </Styled(Component)>
          </Box>
          <Box
            row={true}
          >
            <IconButton
              col={true}
              onPress={[Function]}
            >
              <SvgFile
                style={
                  Object {
                    "color": "#ffffff",
                  }
                }
              />
            </IconButton>
          </Box>
        </Box>
      </Styled(View)>
      <EmptyCredentials
        mt="50%"
      />
      <ForwardRef
        data={Array []}
        renderItem={[Function]}
      />
    </Memo(ForwardRef(Box))>
  </Memo(ForwardRef(Box))>
</RNCSafeAreaView>
`;

exports[`CredentialsScreen should render correctly credential list with issuer object 1`] = `
<Component
  credential={
    Object {
      "@context": Array [
        "https://www.w3.org/2018/credentials/v1",
        Object {
          "UniversityDegreeCredential": "dk:UniversityDegreeCredential",
          "dateEarned": "dk:dateEarned",
          "dateOfBirth": "dk:dateOfBirth",
          "degree": "dk:degree",
          "description": "dk:description",
          "dk": "https://ld.dock.io/credentials#",
          "fullName": "dk:fullName",
          "logo": "dk:logo",
          "name": "dk:name",
          "person": "dk:person",
        },
      ],
      "credentialSubject": Object {
        "degree": Object {
          "dateEarned": "2000-09-24",
          "name": "Degree Name",
          "type": "Degree Type",
        },
        "id": "john",
        "person": Object {
          "dateOfBirth": "2000-09-24",
          "fullName": "Full Name",
        },
      },
      "expirationDate": "2029-06-26T23:00:00.000Z",
      "id": "https://creds.dock.io/8e02c35ae370b02f47d7faaf41cb1386768fc75c9fca7caa6bb389dbe61260eb",
      "issuanceDate": "2022-06-27T11:08:30.675Z",
      "issuer": Object {
        "description": "",
        "id": "did:dock:5CJaTP2eGCLf5ZNPUXYbWxUvJQMTseKfc4hi8WVBC1K8eW9N",
        "logo": "",
        "name": "John",
      },
      "proof": Object {
        "created": "2022-06-27T12:09:34Z",
        "proofPurpose": "assertionMethod",
        "proofValue": "zVVh5QYsUJR3GNBCKTU3dc2JknTQTrTcXqNJWFCcUb7iGx9iaRZgMUmkJhUF9nRaF5tqz6B2xjnzyWF9p7XNpy4L",
        "type": "Ed25519Signature2018",
        "verificationMethod": "did:dock:5CJaTP2eGCLf5ZNPUXYbWxUvJQMTseKfc4hi8WVBC1K8eW9N#keys-1",
      },
      "type": Array [
        "VerifiableCredential",
        "UniversityDegreeCredential",
      ],
    }
  }
  formattedData={
    Object {
      "attributes": Array [
        Object {
          "name": "Degree name",
          "property": "degree name",
          "value": "Degree Name",
        },
        Object {
          "name": "Degree type",
          "property": "degree type",
          "value": "Degree Type",
        },
        Object {
          "name": "Degree date Earned",
          "property": "degree dateEarned",
          "value": "2000-09-24",
        },
        Object {
          "name": "Person full Name",
          "property": "person fullName",
          "value": "Full Name",
        },
        Object {
          "name": "Person date Of Birth",
          "property": "person dateOfBirth",
          "value": "2000-09-24",
        },
        Object {
          "name": "Id",
          "property": "id",
          "value": "osinakayah",
        },
      ],
      "date": "June 27, 2022",
      "dateStr": "June 27, 2022",
      "documents": Array [
        Array [
          Object {
            "dateEarned": "2000-09-24",
            "name": "Degree Name",
            "type": "Degree Type",
          },
          Object {
            "dateOfBirth": "2000-09-24",
            "fullName": "Full Name",
          },
        ],
      ],
      "expirationDate": "2029-06-26T23:00:00.000Z",
      "expirationDateStr": "June 27, 2029",
      "humanizedType": "University Degree Credential",
      "image": null,
      "images": Object {
        "imagesList": Array [],
        "issuerImage": null,
        "mainImage": null,
        "subjectImage": null,
      },
      "issuanceDate": "2022-06-27T11:08:30.675Z",
      "issuer": Object {
        "description": "",
        "id": "did:dock:5CJaTP2eGCLf5ZNPUXYbWxUvJQMTseKfc4hi8WVBC1K8eW9N",
        "logo": "",
        "name": "Ossy",
      },
      "issuerName": "John",
      "qrImage": false,
      "subjectName": "Degree Name",
      "subjects": Array [
        Object {
          "degree": Object {
            "dateEarned": "2000-09-24",
            "name": "Degree Name",
            "type": "Degree Type",
          },
          "id": "john",
          "person": Object {
            "dateOfBirth": "2000-09-24",
            "fullName": "Full Name",
          },
        },
      ],
      "template": "diploma",
      "title": "University Degree Credential",
    }
  }
  onRemove={[Function]}
/>
`;

exports[`CredentialsScreen should render correctly credential list with string issuer 1`] = `
<Component
  credential={
    Object {
      "@context": Array [
        "https://www.w3.org/2018/credentials/v1",
        Object {
          "EmployeeIDCredential": "dk:EmployeeIDCredential",
          "dk": "https://ld.dock.io/credentials#",
          "email": "dk:email",
          "employeeId": "dk:employeeId",
          "name": "dk:name",
        },
      ],
      "credentialSubject": Object {
        "email": "alice@dock.io",
        "employeeId": 123456,
        "name": "Alice Doe",
      },
      "id": "https://creds-testnet.dock.io/191ce57b4b9195d823937c016e31544c225279e4fb3e7d5ed88038acf5daac42",
      "issuanceDate": "2022-08-29T15:24:47.799Z",
      "issuer": "did:dock:5D5K67AnGLBKSVJNkFW25uaDa7cSUjx6Zj55tzMdqQvQDPkA",
      "name": "Acme Employee ID",
      "proof": Object {
        "created": "2022-08-29T16:24:47Z",
        "proofPurpose": "assertionMethod",
        "proofValue": "zYetMX6EPE1Lzqe92ZZopqFQrwN1g9wwXE2UHW6y69cDZQfoCkz7hMZDxURvo8fVW97p2f6tpAfWKEQU8RvRNPxC",
        "type": "Ed25519Signature2018",
        "verificationMethod": "did:dock:5D5K67AnGLBKSVJNkFW25uaDa7cSUjx6Zj55tzMdqQvQDPkA#keys-1",
      },
      "type": Array [
        "VerifiableCredential",
        "EmployeeIDCredential",
      ],
    }
  }
  formattedData={
    Object {
      "attributes": Array [
        Object {
          "name": "Name",
          "property": "name",
          "value": "Alice Doe",
        },
        Object {
          "name": "Email",
          "property": "email",
          "value": "alice@dock.io",
        },
        Object {
          "name": "Employee Id",
          "property": "employeeId",
          "value": 123456,
        },
      ],
      "date": "August 29, 2022",
      "dateStr": "August 29, 2022",
      "documents": Array [
        Array [],
      ],
      "expirationDateStr": "",
      "humanizedType": "Employee I D Credential",
      "image": null,
      "images": Object {
        "imagesList": Array [],
        "issuerImage": null,
        "mainImage": null,
        "subjectImage": null,
      },
      "issuanceDate": "2022-08-29T15:24:47.799Z",
      "issuer": "did:dock:5D5K67AnGLBKSVJNkFW25uaDa7cSUjx6Zj55tzMdqQvQDPkA",
      "issuerName": "did:dock:5D5K67AnGLBKSVJNkFW25uaDa7cSUjx6Zj55tzMdqQvQDPkA",
      "qrImage": false,
      "subjectName": "Alice Doe",
      "subjects": Array [
        Object {
          "email": "alice@dock.io",
          "employeeId": 123456,
          "name": "Alice Doe",
        },
      ],
      "template": "credential",
      "title": "Acme Employee ID",
    }
  }
  onRemove={[Function]}
/>
`;

exports[`CredentialsScreen should render list of credentials correctly 1`] = `
<RNCSafeAreaView
  accessibilityLabel="CredentialsScreen"
  style={
    Object {
      "backgroundColor": "#141417",
      "flex": 1,
    }
  }
  testID="CredentialsScreen"
>
  <AppGlobalHeader />
  <Memo(ForwardRef(Box))
    flex={1}
  >
    <Memo(ForwardRef(Box))
      flex={1}
    >
      <Styled(View)>
        <Box
          alignItems="center"
          flexDirection="row"
          marginLeft={22}
          marginRight={22}
        >
          <Box
            flex={1}
          >
            <Styled(Component)
              fontFamily="Montserrat"
              fontSize={24}
              fontWeight="600"
            >
              Credentials
            </Styled(Component)>
          </Box>
          <Box
            row={true}
          >
            <IconButton
              col={true}
              onPress={[Function]}
            >
              <SvgFile
                style={
                  Object {
                    "color": "#ffffff",
                  }
                }
              />
            </IconButton>
          </Box>
        </Box>
      </Styled(View)>
      <ForwardRef
        data={
          Array [
            Object {
              "@context": Array [
                "https://www.w3.org/2018/credentials/v1",
                Object {
                  "EmployeeIDCredential": "dk:EmployeeIDCredential",
                  "dk": "https://ld.dock.io/credentials#",
                  "email": "dk:email",
                  "employeeId": "dk:employeeId",
                  "name": "dk:name",
                },
              ],
              "credentialSubject": Object {
                "email": "alice@dock.io",
                "employeeId": 123456,
                "name": "Alice Doe",
              },
              "id": "https://creds-testnet.dock.io/191ce57b4b9195d823937c016e31544c225279e4fb3e7d5ed88038acf5daac42",
              "issuanceDate": "2022-08-29T15:24:47.799Z",
              "issuer": "did:dock:5D5K67AnGLBKSVJNkFW25uaDa7cSUjx6Zj55tzMdqQvQDPkA",
              "name": "Acme Employee ID",
              "proof": Object {
                "created": "2022-08-29T16:24:47Z",
                "proofPurpose": "assertionMethod",
                "proofValue": "zYetMX6EPE1Lzqe92ZZopqFQrwN1g9wwXE2UHW6y69cDZQfoCkz7hMZDxURvo8fVW97p2f6tpAfWKEQU8RvRNPxC",
                "type": "Ed25519Signature2018",
                "verificationMethod": "did:dock:5D5K67AnGLBKSVJNkFW25uaDa7cSUjx6Zj55tzMdqQvQDPkA#keys-1",
              },
              "type": Array [
                "VerifiableCredential",
                "EmployeeIDCredential",
              ],
            },
          ]
        }
        renderItem={[Function]}
      />
    </Memo(ForwardRef(Box))>
  </Memo(ForwardRef(Box))>
</RNCSafeAreaView>
`;
