// Jest Snapshot v1, https://goo.gl/fbAQLP

exports[`CredentialsScreen should render correctly 1`] = `
<RNCSafeAreaView
  accessibilityLabel="ShareCredentialScreen"
  style={
    Object {
      "backgroundColor": "#141417",
      "flex": 1,
    }
  }
  testID="ShareCredentialScreen"
>
  <AppGlobalHeader />
  <Memo(ForwardRef(Box))
    flex={1}
  >
    <Memo(ForwardRef(Box))
      flex={1}
    >
      <Styled(View)>
        <BackButton
          accessibilityLabel="BackButton"
          testID="BackButton"
        />
      </Styled(View)>
      <ForwardRef
        marginLeft={3}
        marginRight={3}
        mt={7}
      >
        <SelectCredentialsComponent
          credentials={Array []}
          selectedCredentials={Object {}}
          setSelectedCredentials={[MockFunction]}
        />
      </ForwardRef>
      <Memo(ForwardRef(Box))
        mb={7}
        mx={7}
      >
        <LoadingButton
          accessibilityLabel="PresentCredentialBtn"
          full={true}
          isDisabled={false}
          onPress={[Function]}
          size="sm"
          testID="PresentCredentialBtn"
        >
          <Styled(Component)
            mb={2}
            variant="credentialShareTitle"
          >
            Next
          </Styled(Component)>
        </LoadingButton>
      </Memo(ForwardRef(Box))>
      <QRCodeModal
        description="Credential Presentation"
        visible={false}
      />
    </Memo(ForwardRef(Box))>
  </Memo(ForwardRef(Box))>
</RNCSafeAreaView>
`;
